Copyright 1986-2019 Xilinx, Inc. All Rights Reserved.
------------------------------------------------------------------------------------
| Tool Version : Vivado v.2019.1 (win64) Build 2552052 Fri May 24 14:49:42 MDT 2019
| Date         : Fri Apr  9 04:17:21 2021
| Host         : QuitStealingMyPaper running 64-bit major release  (build 9200)
| Command      : report_control_sets -verbose -file Lab4_control_sets_placed.rpt
| Design       : Lab4
| Device       : xc7a200t
------------------------------------------------------------------------------------

Control Set Information

Table of Contents
-----------------
1. Summary
2. Histogram
3. Flip-Flop Distribution
4. Detailed Control Set Information

1. Summary
----------

+----------------------------------------------------------+-------+
|                          Status                          | Count |
+----------------------------------------------------------+-------+
| Total control sets                                       |    20 |
|    Minimum number of control sets                        |    20 |
|    Addition due to synthesis replication                 |     0 |
|    Addition due to physical synthesis replication        |     0 |
| Unused register locations in slices containing registers |    52 |
+----------------------------------------------------------+-------+
* Control sets can be merged at opt_design using control_set_merge or merge_equivalent_drivers
** Run report_qor_suggestions for automated merging and remapping suggestions


2. Histogram
------------

+--------------------+-------+
|       Fanout       | Count |
+--------------------+-------+
| Total control sets |    20 |
| >= 0 to < 4        |     0 |
| >= 4 to < 6        |     6 |
| >= 6 to < 8        |     2 |
| >= 8 to < 10       |     2 |
| >= 10 to < 12      |     1 |
| >= 12 to < 14      |     0 |
| >= 14 to < 16      |     0 |
| >= 16              |     9 |
+--------------------+-------+
* Control sets can be remapped at either synth_design or opt_design


3. Flip-Flop Distribution
-------------------------

+--------------+-----------------------+------------------------+-----------------+--------------+
| Clock Enable | Synchronous Set/Reset | Asynchronous Set/Reset | Total Registers | Total Slices |
+--------------+-----------------------+------------------------+-----------------+--------------+
| No           | No                    | No                     |              70 |           27 |
| No           | No                    | Yes                    |               0 |            0 |
| No           | Yes                   | No                     |              49 |           15 |
| Yes          | No                    | No                     |              81 |           27 |
| Yes          | No                    | Yes                    |               0 |            0 |
| Yes          | Yes                   | No                     |              36 |           11 |
+--------------+-----------------------+------------------------+-----------------+--------------+


4. Detailed Control Set Information
-----------------------------------

+-------------------------------------------------------------+--------------------------------------------------------------------------------+--------------------------------------------------------------------+------------------+----------------+
|                         Clock Signal                        |                                  Enable Signal                                 |                          Set/Reset Signal                          | Slice Load Count | Bel Load Count |
+-------------------------------------------------------------+--------------------------------------------------------------------------------+--------------------------------------------------------------------+------------------+----------------+
|  datapath/audio_codec/audiocodec_master_clock/inst/clk_out2 | datapath/audio_codec/initialize_audio/twi_controller/FSM_gray_state[3]_i_1_n_0 |                                                                    |                2 |              4 |
|  datapath/audio_codec/audiocodec_master_clock/inst/clk_out2 | datapath/audio_codec/initialize_audio/twi_controller/E[0]                      | datapath/audio_codec/initialize_audio/reset_n                      |                2 |              4 |
|  clk_IBUF_BUFG                                              | control/FSM_onehot_FSM[3]_i_1_n_0                                              | datapath/audio_codec/initialize_audio/reset_n                      |                1 |              4 |
|  datapath/audio_codec/audiocodec_master_clock/inst/clk_out2 |                                                                                | datapath/audio_codec/initialize_audio/reset_n                      |                2 |              5 |
|  clk_IBUF_BUFG                                              |                                                                                | datapath/audio_codec/audio_inout/Cnt_Bclk[4]_i_1_n_0               |                1 |              5 |
|  clk_IBUF_BUFG                                              | datapath/audio_codec/audio_inout/BCLK_Fall_int                                 | datapath/audio_codec/initialize_audio/reset_n                      |                2 |              5 |
|  datapath/audio_codec/audiocodec_master_clock/inst/clk_out2 |                                                                                | datapath/audio_codec/initialize_audio/twi_controller/busFreeCnt0_1 |                3 |              7 |
|  datapath/audio_codec/audiocodec_master_clock/inst/clk_out2 | datapath/audio_codec/initialize_audio/twi_controller/sclCnt[6]_i_2_n_0         | datapath/audio_codec/initialize_audio/twi_controller/sclCnt0_0     |                2 |              7 |
|  datapath/audio_codec/audiocodec_master_clock/inst/clk_out2 | datapath/audio_codec/initialize_audio/twi_controller/dataByte[7]_i_1_n_0       |                                                                    |                2 |              8 |
|  clk_IBUF_BUFG                                              | datapath/amplitude[7]_i_1_n_0                                                  |                                                                    |                2 |              8 |
|  datapath/audio_codec/audiocodec_master_clock/inst/clk_out2 | reset_n_IBUF                                                                   |                                                                    |                6 |             10 |
|  control/FSM_onehot_FSM_reg[1]_0[0]                         |                                                                                |                                                                    |                6 |             16 |
|  control/E[0]                                               |                                                                                |                                                                    |                5 |             16 |
|  clk_IBUF_BUFG                                              | datapath/phase_inc                                                             |                                                                    |                4 |             16 |
|  clk_IBUF_BUFG                                              | control/sel                                                                    | control/clear                                                      |                4 |             16 |
|  clk_IBUF_BUFG                                              | datapath/audio_codec/audio_inout/Data_Out_int[31]_i_1_n_0                      |                                                                    |                5 |             17 |
|  datapath/audio_codec/audiocodec_master_clock/inst/clk_out2 | datapath/audio_codec/initialize_audio/initWord[30]_i_1_n_0                     |                                                                    |                6 |             18 |
|  clk_IBUF_BUFG                                              |                                                                                |                                                                    |                6 |             18 |
|  datapath/audio_codec/audiocodec_master_clock/inst/clk_out2 |                                                                                |                                                                    |               10 |             20 |
|  datapath/audio_codec/audiocodec_master_clock/inst/clk_out2 |                                                                                | datapath/audio_codec/initialize_audio/delaycnt0                    |                9 |             32 |
+-------------------------------------------------------------+--------------------------------------------------------------------------------+--------------------------------------------------------------------+------------------+----------------+


